Enter a value
Hello World
Enter another value
Hello World Again!
